// Jest Snapshot v1, https://goo.gl/fbAQLP

exports[`Button renders button in the document 1`] = `
<button
  className="primary"
  onClick={[Function]}
>
  ON
</button>
`;
